Archive member included to satisfy reference by file (symbol)

/usr/lib64/libc_nonshared.a(elf-init.oS)
                              /lib/../lib64/crt1.o (__libc_csu_init)

Merging program properties

Removed property 0xc0000002 to merge /opt/rh/devtoolset-11/root/usr/lib/gcc/x86_64-redhat-linux/11/crtbegin.o (0x3) and /lib/../lib64/crt1.o (not found)
Removed property 0xc0010001 to merge /opt/rh/devtoolset-11/root/usr/lib/gcc/x86_64-redhat-linux/11/crtbegin.o (0x1) and /lib/../lib64/crt1.o (not found)
Removed property 0xc0010002 to merge /opt/rh/devtoolset-11/root/usr/lib/gcc/x86_64-redhat-linux/11/crtbegin.o (0x0) and /lib/../lib64/crt1.o (not found)
Removed property 0xc0010001 to merge /opt/rh/devtoolset-11/root/usr/lib/gcc/x86_64-redhat-linux/11/crtbegin.o (not found) and /tmp/cct6IY2x.o (0x1)
Removed property 0xc0010002 to merge /opt/rh/devtoolset-11/root/usr/lib/gcc/x86_64-redhat-linux/11/crtbegin.o (not found) and /tmp/cct6IY2x.o (0x0)
Removed property 0xc0000002 to merge /opt/rh/devtoolset-11/root/usr/lib/gcc/x86_64-redhat-linux/11/crtbegin.o (not found) and /opt/rh/devtoolset-11/root/usr/lib/gcc/x86_64-redhat-linux/11/crtend.o (0x3)
Removed property 0xc0010001 to merge /opt/rh/devtoolset-11/root/usr/lib/gcc/x86_64-redhat-linux/11/crtbegin.o (not found) and /opt/rh/devtoolset-11/root/usr/lib/gcc/x86_64-redhat-linux/11/crtend.o (0x1)
Removed property 0xc0010002 to merge /opt/rh/devtoolset-11/root/usr/lib/gcc/x86_64-redhat-linux/11/crtbegin.o (not found) and /opt/rh/devtoolset-11/root/usr/lib/gcc/x86_64-redhat-linux/11/crtend.o (0x0)

Discarded input sections

 .note.GNU-stack
                0x0000000000000000        0x0 /lib/../lib64/crt1.o
 .note.GNU-stack
                0x0000000000000000        0x0 /lib/../lib64/crti.o
 .note.GNU-stack
                0x0000000000000000        0x0 /opt/rh/devtoolset-11/root/usr/lib/gcc/x86_64-redhat-linux/11/crtbegin.o
 .note.gnu.property
                0x0000000000000000       0x50 /opt/rh/devtoolset-11/root/usr/lib/gcc/x86_64-redhat-linux/11/crtbegin.o
 .note.GNU-stack
                0x0000000000000000        0x0 /tmp/cct6IY2x.o
 .note.gnu.property
                0x0000000000000000       0x30 /tmp/cct6IY2x.o
 .note.GNU-stack
                0x0000000000000000        0x0 /usr/lib64/libc_nonshared.a(elf-init.oS)
 .note.GNU-stack
                0x0000000000000000        0x0 /opt/rh/devtoolset-11/root/usr/lib/gcc/x86_64-redhat-linux/11/crtend.o
 .note.gnu.property
                0x0000000000000000       0x50 /opt/rh/devtoolset-11/root/usr/lib/gcc/x86_64-redhat-linux/11/crtend.o
 .note.GNU-stack
                0x0000000000000000        0x0 /lib/../lib64/crtn.o

Memory Configuration

Name             Origin             Length             Attributes
*default*        0x0000000000000000 0xffffffffffffffff

Linker script and memory map

LOAD /lib/../lib64/crt1.o
LOAD /lib/../lib64/crti.o
LOAD /opt/rh/devtoolset-11/root/usr/lib/gcc/x86_64-redhat-linux/11/crtbegin.o
LOAD /tmp/cct6IY2x.o
LOAD /opt/rh/devtoolset-11/root/usr/lib/gcc/x86_64-redhat-linux/11/libstdc++.so
LOAD /usr/lib64/libstdc++.so.6
LOAD /opt/rh/devtoolset-11/root/usr/lib/gcc/x86_64-redhat-linux/11/libstdc++_nonshared.a
LOAD /lib/../lib64/libm.so
LOAD /opt/rh/devtoolset-11/root/usr/lib/gcc/x86_64-redhat-linux/11/libgcc_s.so
START GROUP
LOAD /lib64/libgcc_s.so.1
LOAD /opt/rh/devtoolset-11/root/usr/lib/gcc/x86_64-redhat-linux/11/libgcc.a
END GROUP
LOAD /opt/rh/devtoolset-11/root/usr/lib/gcc/x86_64-redhat-linux/11/libgcc.a
LOAD /lib/../lib64/libc.so
START GROUP
LOAD /lib64/libc.so.6
LOAD /usr/lib64/libc_nonshared.a
LOAD /lib64/ld-linux-x86-64.so.2
END GROUP
LOAD /opt/rh/devtoolset-11/root/usr/lib/gcc/x86_64-redhat-linux/11/libgcc_s.so
START GROUP
LOAD /lib64/libgcc_s.so.1
LOAD /opt/rh/devtoolset-11/root/usr/lib/gcc/x86_64-redhat-linux/11/libgcc.a
END GROUP
LOAD /opt/rh/devtoolset-11/root/usr/lib/gcc/x86_64-redhat-linux/11/libgcc.a
LOAD /opt/rh/devtoolset-11/root/usr/lib/gcc/x86_64-redhat-linux/11/crtend.o
LOAD /lib/../lib64/crtn.o
                [!provide]                        PROVIDE (__executable_start = SEGMENT_START ("text-segment", 0x400000))
                0x00000000004002a8                . = (SEGMENT_START ("text-segment", 0x400000) + SIZEOF_HEADERS)

.interp         0x00000000004002a8       0x1c
 *(.interp)
 .interp        0x00000000004002a8       0x1c /lib/../lib64/crt1.o

.note.gnu.build-id
                0x00000000004002c4       0x24
 *(.note.gnu.build-id)
 .note.gnu.build-id
                0x00000000004002c4       0x24 /lib/../lib64/crt1.o

.note.ABI-tag   0x00000000004002e8       0x20
 .note.ABI-tag  0x00000000004002e8       0x20 /lib/../lib64/crt1.o

.hash
 *(.hash)

.gnu.hash       0x0000000000400308       0x30
 *(.gnu.hash)
 .gnu.hash      0x0000000000400308       0x30 /lib/../lib64/crt1.o

.dynsym         0x0000000000400338      0x108
 *(.dynsym)
 .dynsym        0x0000000000400338      0x108 /lib/../lib64/crt1.o

.dynstr         0x0000000000400440      0x116
 *(.dynstr)
 .dynstr        0x0000000000400440      0x116 /lib/../lib64/crt1.o

.gnu.version    0x0000000000400556       0x16
 *(.gnu.version)
 .gnu.version   0x0000000000400556       0x16 /lib/../lib64/crt1.o

.gnu.version_d  0x0000000000400570        0x0
 *(.gnu.version_d)
 .gnu.version_d
                0x0000000000400570        0x0 /lib/../lib64/crt1.o

.gnu.version_r  0x0000000000400570       0x40
 *(.gnu.version_r)
 .gnu.version_r
                0x0000000000400570       0x40 /lib/../lib64/crt1.o

.rela.dyn       0x00000000004005b0       0x30
 *(.rela.init)
 *(.rela.text .rela.text.* .rela.gnu.linkonce.t.*)
 .rela.text     0x00000000004005b0        0x0 /lib/../lib64/crt1.o
 *(.rela.fini)
 *(.rela.rodata .rela.rodata.* .rela.gnu.linkonce.r.*)
 *(.rela.data .rela.data.* .rela.gnu.linkonce.d.*)
 .rela.data.rel.ro
                0x00000000004005b0        0x0 /lib/../lib64/crt1.o
 *(.rela.tdata .rela.tdata.* .rela.gnu.linkonce.td.*)
 *(.rela.tbss .rela.tbss.* .rela.gnu.linkonce.tb.*)
 *(.rela.ctors)
 *(.rela.dtors)
 *(.rela.got)
 .rela.got      0x00000000004005b0       0x18 /lib/../lib64/crt1.o
 *(.rela.bss .rela.bss.* .rela.gnu.linkonce.b.*)
 .rela.bss      0x00000000004005c8       0x18 /lib/../lib64/crt1.o
 *(.rela.ldata .rela.ldata.* .rela.gnu.linkonce.l.*)
 *(.rela.lbss .rela.lbss.* .rela.gnu.linkonce.lb.*)
 *(.rela.lrodata .rela.lrodata.* .rela.gnu.linkonce.lr.*)
 *(.rela.ifunc)

.rela.plt       0x00000000004005e0       0xd8
 *(.rela.plt)
 .rela.plt      0x00000000004005e0       0xd8 /lib/../lib64/crt1.o
                [!provide]                        PROVIDE (__rela_iplt_start = .)
 *(.rela.iplt)
 .rela.iplt     0x00000000004006b8        0x0 /lib/../lib64/crt1.o
                [!provide]                        PROVIDE (__rela_iplt_end = .)
                0x0000000000401000                . = ALIGN (CONSTANT (MAXPAGESIZE))

.init           0x0000000000401000       0x1a
 *(SORT_NONE(.init))
 .init          0x0000000000401000       0x15 /lib/../lib64/crti.o
                0x0000000000401000                _init
 .init          0x0000000000401015        0x5 /lib/../lib64/crtn.o

.plt            0x0000000000401020       0xa0
 *(.plt)
 .plt           0x0000000000401020       0xa0 /lib/../lib64/crt1.o
                0x0000000000401030                std::ostream::operator<<(int)@@GLIBCXX_3.4
                0x0000000000401050                __assert_fail@@GLIBC_2.2.5
                0x0000000000401060                std::ios_base::Init::Init()@@GLIBCXX_3.4
                0x0000000000401070                __libc_start_main@@GLIBC_2.2.5
                0x0000000000401080                __cxa_atexit@@GLIBC_2.2.5
                0x0000000000401090                std::ios_base::Init::~Init()@@GLIBCXX_3.4
                0x00000000004010a0                std::ostream::operator<<(std::ostream& (*)(std::ostream&))@@GLIBCXX_3.4
                0x00000000004010b0                std::basic_ostream<char, std::char_traits<char> >& std::endl<char, std::char_traits<char> >(std::basic_ostream<char, std::char_traits<char> >&)@@GLIBCXX_3.4
 *(.iplt)
 .iplt          0x00000000004010c0        0x0 /lib/../lib64/crt1.o

.plt.got        0x00000000004010c0        0x0
 *(.plt.got)
 .plt.got       0x00000000004010c0        0x0 /lib/../lib64/crt1.o

.plt.sec
 *(.plt.sec)

.text           0x00000000004010c0      0x1f2
 *(.text.unlikely .text.*_unlikely .text.unlikely.*)
 *(.text.exit .text.exit.*)
 *(.text.startup .text.startup.*)
 *(.text.hot .text.hot.*)
 *(SORT_BY_NAME(.text.sorted.*))
 *(.text .stub .text.* .gnu.linkonce.t.*)
 .text          0x00000000004010c0       0x2a /lib/../lib64/crt1.o
                0x00000000004010c0                _start
 .text          0x00000000004010ea        0x0 /lib/../lib64/crti.o
 *fill*         0x00000000004010ea        0x6 
 .text          0x00000000004010f0       0xa6 /opt/rh/devtoolset-11/root/usr/lib/gcc/x86_64-redhat-linux/11/crtbegin.o
 .text          0x0000000000401196       0xa8 /tmp/cct6IY2x.o
                0x0000000000401196                test(int)
                0x00000000004011d6                main
 *fill*         0x000000000040123e        0x2 
 .text          0x0000000000401240       0x72 /usr/lib64/libc_nonshared.a(elf-init.oS)
                0x0000000000401240                __libc_csu_init
                0x00000000004012b0                __libc_csu_fini
 .text          0x00000000004012b2        0x0 /opt/rh/devtoolset-11/root/usr/lib/gcc/x86_64-redhat-linux/11/crtend.o
 .text          0x00000000004012b2        0x0 /lib/../lib64/crtn.o
 *(.gnu.warning)

.fini           0x00000000004012b4        0x9
 *(SORT_NONE(.fini))
 .fini          0x00000000004012b4        0x4 /lib/../lib64/crti.o
                0x00000000004012b4                _fini
 .fini          0x00000000004012b8        0x5 /lib/../lib64/crtn.o
                [!provide]                        PROVIDE (__etext = .)
                [!provide]                        PROVIDE (_etext = .)
                [!provide]                        PROVIDE (etext = .)
                0x0000000000402000                . = ALIGN (CONSTANT (MAXPAGESIZE))
                0x0000000000402000                . = SEGMENT_START ("rodata-segment", (ALIGN (CONSTANT (MAXPAGESIZE)) + (. & (CONSTANT (MAXPAGESIZE) - 0x1))))

.rodata         0x0000000000402000       0x2b
 *(.rodata .rodata.* .gnu.linkonce.r.*)
 .rodata.cst4   0x0000000000402000        0x4 /lib/../lib64/crt1.o
                0x0000000000402000                _IO_stdin_used
 *fill*         0x0000000000402004        0x4 
 .rodata        0x0000000000402008        0x8 /opt/rh/devtoolset-11/root/usr/lib/gcc/x86_64-redhat-linux/11/crtbegin.o
                0x0000000000402008                __dso_handle
 .rodata        0x0000000000402010       0x1b /tmp/cct6IY2x.o

.rodata1
 *(.rodata1)

.eh_frame_hdr   0x000000000040202c       0x4c
 *(.eh_frame_hdr)
 .eh_frame_hdr  0x000000000040202c       0x4c /lib/../lib64/crt1.o
                0x000000000040202c                __GNU_EH_FRAME_HDR
 *(.eh_frame_entry .eh_frame_entry.*)

.eh_frame       0x0000000000402078      0x150
 *(.eh_frame)
 .eh_frame      0x0000000000402078       0x30 /lib/../lib64/crt1.o
 .eh_frame      0x00000000004020a8       0x40 /lib/../lib64/crt1.o
 .eh_frame      0x00000000004020e8        0x0 /lib/../lib64/crt1.o
 .eh_frame      0x00000000004020e8       0x80 /tmp/cct6IY2x.o
                                         0x98 (size before relaxing)
 .eh_frame      0x0000000000402168       0x5c /usr/lib64/libc_nonshared.a(elf-init.oS)
                                         0x78 (size before relaxing)
 .eh_frame      0x00000000004021c4        0x4 /opt/rh/devtoolset-11/root/usr/lib/gcc/x86_64-redhat-linux/11/crtend.o
 *(.eh_frame.*)

.gcc_except_table
 *(.gcc_except_table .gcc_except_table.*)

.gnu_extab
 *(.gnu_extab*)

.exception_ranges
 *(.exception_ranges*)
                0x0000000000403de0                . = DATA_SEGMENT_ALIGN (CONSTANT (MAXPAGESIZE), CONSTANT (COMMONPAGESIZE))

.eh_frame
 *(.eh_frame)
 *(.eh_frame.*)

.gnu_extab
 *(.gnu_extab)

.gcc_except_table
 *(.gcc_except_table .gcc_except_table.*)

.exception_ranges
 *(.exception_ranges*)

.tdata          0x0000000000403de0        0x0
                [!provide]                        PROVIDE (__tdata_start = .)
 *(.tdata .tdata.* .gnu.linkonce.td.*)

.tbss
 *(.tbss .tbss.* .gnu.linkonce.tb.*)
 *(.tcommon)

.preinit_array  0x0000000000403de0        0x0
                [!provide]                        PROVIDE (__preinit_array_start = .)
 *(.preinit_array)
                [!provide]                        PROVIDE (__preinit_array_end = .)

.init_array     0x0000000000403de0       0x10
                0x0000000000403de0                PROVIDE (__init_array_start = .)
 *(SORT_BY_INIT_PRIORITY(.init_array.*) SORT_BY_INIT_PRIORITY(.ctors.*))
 *(.init_array EXCLUDE_FILE(*crtend?.o *crtend.o *crtbegin?.o *crtbegin.o) .ctors)
 .init_array    0x0000000000403de0        0x8 /opt/rh/devtoolset-11/root/usr/lib/gcc/x86_64-redhat-linux/11/crtbegin.o
 .init_array    0x0000000000403de8        0x8 /tmp/cct6IY2x.o
                0x0000000000403df0                PROVIDE (__init_array_end = .)

.fini_array     0x0000000000403df0        0x8
                [!provide]                        PROVIDE (__fini_array_start = .)
 *(SORT_BY_INIT_PRIORITY(.fini_array.*) SORT_BY_INIT_PRIORITY(.dtors.*))
 *(.fini_array EXCLUDE_FILE(*crtend?.o *crtend.o *crtbegin?.o *crtbegin.o) .dtors)
 .fini_array    0x0000000000403df0        0x8 /opt/rh/devtoolset-11/root/usr/lib/gcc/x86_64-redhat-linux/11/crtbegin.o
                [!provide]                        PROVIDE (__fini_array_end = .)

.ctors
 *crtbegin.o(.ctors)
 *crtbegin?.o(.ctors)
 *(EXCLUDE_FILE(*crtend?.o *crtend.o) .ctors)
 *(SORT_BY_NAME(.ctors.*))
 *(.ctors)

.dtors
 *crtbegin.o(.dtors)
 *crtbegin?.o(.dtors)
 *(EXCLUDE_FILE(*crtend?.o *crtend.o) .dtors)
 *(SORT_BY_NAME(.dtors.*))
 *(.dtors)

.jcr
 *(.jcr)

.data.rel.ro    0x0000000000403df8        0x0
 *(.data.rel.ro.local* .gnu.linkonce.d.rel.ro.local.*)
 *(.data.rel.ro .data.rel.ro.* .gnu.linkonce.d.rel.ro.*)
 .data.rel.ro   0x0000000000403df8        0x0 /lib/../lib64/crt1.o

.dynamic        0x0000000000403df8      0x200
 *(.dynamic)
 .dynamic       0x0000000000403df8      0x200 /lib/../lib64/crt1.o
                0x0000000000403df8                _DYNAMIC

.got            0x0000000000403ff8        0x8
 *(.got)
 .got           0x0000000000403ff8        0x8 /lib/../lib64/crt1.o
 *(.igot)
                0x0000000000404fe8                . = DATA_SEGMENT_RELRO_END (., (SIZEOF (.got.plt) >= 0x18)?0x18:0x0)

.got.plt        0x0000000000404000       0x60
 *(.got.plt)
 .got.plt       0x0000000000404000       0x60 /lib/../lib64/crt1.o
                0x0000000000404000                _GLOBAL_OFFSET_TABLE_
 *(.igot.plt)
 .igot.plt      0x0000000000404060        0x0 /lib/../lib64/crt1.o

.data           0x0000000000404060        0x4
 *(.data .data.* .gnu.linkonce.d.*)
 .data          0x0000000000404060        0x4 /lib/../lib64/crt1.o
                0x0000000000404060                data_start
                0x0000000000404060                __data_start
 .data          0x0000000000404064        0x0 /lib/../lib64/crti.o
 .data          0x0000000000404064        0x0 /opt/rh/devtoolset-11/root/usr/lib/gcc/x86_64-redhat-linux/11/crtbegin.o
 .data          0x0000000000404064        0x0 /tmp/cct6IY2x.o
 .data          0x0000000000404064        0x0 /usr/lib64/libc_nonshared.a(elf-init.oS)
 .data          0x0000000000404064        0x0 /opt/rh/devtoolset-11/root/usr/lib/gcc/x86_64-redhat-linux/11/crtend.o
 .data          0x0000000000404064        0x0 /lib/../lib64/crtn.o

.tm_clone_table
                0x0000000000404068        0x0
 .tm_clone_table
                0x0000000000404068        0x0 /opt/rh/devtoolset-11/root/usr/lib/gcc/x86_64-redhat-linux/11/crtbegin.o
 .tm_clone_table
                0x0000000000404068        0x0 /opt/rh/devtoolset-11/root/usr/lib/gcc/x86_64-redhat-linux/11/crtend.o

.data1
 *(.data1)
                0x0000000000404064                _edata = .
                [!provide]                        PROVIDE (edata = .)
                0x0000000000404068                . = .
                0x0000000000404064                __bss_start = .

.bss            0x0000000000404080      0x118
 *(.dynbss)
 *fill*         0x0000000000404080        0x0 
 .dynbss        0x0000000000404080      0x110 /lib/../lib64/crt1.o
                0x0000000000404080                std::cout@@GLIBCXX_3.4
 *(.bss .bss.* .gnu.linkonce.b.*)
 .bss           0x0000000000404190        0x0 /lib/../lib64/crt1.o
 .bss           0x0000000000404190        0x0 /lib/../lib64/crti.o
 .bss           0x0000000000404190        0x1 /opt/rh/devtoolset-11/root/usr/lib/gcc/x86_64-redhat-linux/11/crtbegin.o
 .bss           0x0000000000404191        0x1 /tmp/cct6IY2x.o
 .bss           0x0000000000404192        0x0 /usr/lib64/libc_nonshared.a(elf-init.oS)
 .bss           0x0000000000404192        0x0 /opt/rh/devtoolset-11/root/usr/lib/gcc/x86_64-redhat-linux/11/crtend.o
 .bss           0x0000000000404192        0x0 /lib/../lib64/crtn.o
 *(COMMON)
                0x0000000000404198                . = ALIGN ((. != 0x0)?0x8:0x1)
 *fill*         0x0000000000404192        0x6 

.lbss
 *(.dynlbss)
 *(.lbss .lbss.* .gnu.linkonce.lb.*)
 *(LARGE_COMMON)
                0x0000000000404198                . = ALIGN (0x8)
                0x0000000000404198                . = SEGMENT_START ("ldata-segment", .)

.lrodata
 *(.lrodata .lrodata.* .gnu.linkonce.lr.*)

.ldata          0x0000000000406198        0x0
 *(.ldata .ldata.* .gnu.linkonce.l.*)
                0x0000000000406198                . = ALIGN ((. != 0x0)?0x8:0x1)
                0x0000000000406198                . = ALIGN (0x8)
                0x0000000000404198                _end = .
                [!provide]                        PROVIDE (end = .)
                0x0000000000406198                . = DATA_SEGMENT_END (.)

.stab
 *(.stab)

.stabstr
 *(.stabstr)

.stab.excl
 *(.stab.excl)

.stab.exclstr
 *(.stab.exclstr)

.stab.index
 *(.stab.index)

.stab.indexstr
 *(.stab.indexstr)

.comment        0x0000000000000000       0x5b
 *(.comment)
 .comment       0x0000000000000000       0x2d /lib/../lib64/crt1.o
                                         0x2e (size before relaxing)
 .comment       0x000000000000002d       0x2e /opt/rh/devtoolset-11/root/usr/lib/gcc/x86_64-redhat-linux/11/crtbegin.o
                                         0x2f (size before relaxing)
 .comment       0x000000000000005b       0x2f /tmp/cct6IY2x.o
 .comment       0x000000000000005b       0x2e /usr/lib64/libc_nonshared.a(elf-init.oS)
 .comment       0x000000000000005b       0x2f /opt/rh/devtoolset-11/root/usr/lib/gcc/x86_64-redhat-linux/11/crtend.o

.gnu.build.attributes
 *(.gnu.build.attributes .gnu.build.attributes.*)

.debug
 *(.debug)

.line
 *(.line)

.debug_srcinfo
 *(.debug_srcinfo)

.debug_sfnames
 *(.debug_sfnames)

.debug_aranges
 *(.debug_aranges)

.debug_pubnames
 *(.debug_pubnames)

.debug_info
 *(.debug_info .gnu.linkonce.wi.*)

.debug_abbrev
 *(.debug_abbrev)

.debug_line
 *(.debug_line .debug_line.* .debug_line_end)

.debug_frame
 *(.debug_frame)

.debug_str
 *(.debug_str)

.debug_loc
 *(.debug_loc)

.debug_macinfo
 *(.debug_macinfo)

.debug_weaknames
 *(.debug_weaknames)

.debug_funcnames
 *(.debug_funcnames)

.debug_typenames
 *(.debug_typenames)

.debug_varnames
 *(.debug_varnames)

.debug_pubtypes
 *(.debug_pubtypes)

.debug_ranges
 *(.debug_ranges)

.debug_addr
 *(.debug_addr)

.debug_line_str
 *(.debug_line_str)

.debug_loclists
 *(.debug_loclists)

.debug_macro
 *(.debug_macro)

.debug_names
 *(.debug_names)

.debug_rnglists
 *(.debug_rnglists)

.debug_str_offsets
 *(.debug_str_offsets)

.debug_sup
 *(.debug_sup)

.gnu.attributes
 *(.gnu.attributes)

/DISCARD/
 *(.note.GNU-stack)
 *(.gnu_debuglink)
 *(.gnu.lto_*)
OUTPUT(a.out elf64-x86-64)
